// Jest Snapshot v1, https://goo.gl/fbAQLP

exports[`should show loading screen 1`] = `
<div>
  Loading...
</div>
`;
